// Jest Snapshot v1, https://goo.gl/fbAQLP

exports[`Pruebas en <GifGridItem /> debe de mostrar el componente correctamente  1`] = `
<div
  className="card animate__animated animate__bounce"
>
  <img
    alt="Un Titulo Unico"
    src="https://localhost/algo.jpg"
  />
  <p>
     
    Un Titulo Unico
     
  </p>
</div>
`;
